[2026-06-18T08:10:27.962+0000] {local_task_job_runner.py:120} INFO - ::group::Pre task execution logs
[2026-06-18T08:10:28.120+0000] {taskinstance.py:2076} INFO - Dependencies all met for dep_context=non-requeueable deps ti=<TaskInstance: weather_etl_pipeline.extract_weather_data scheduled__2026-06-17T00:00:00+00:00 [queued]>
[2026-06-18T08:10:28.156+0000] {taskinstance.py:2076} INFO - Dependencies all met for dep_context=requeueable deps ti=<TaskInstance: weather_etl_pipeline.extract_weather_data scheduled__2026-06-17T00:00:00+00:00 [queued]>
[2026-06-18T08:10:28.159+0000] {taskinstance.py:2306} INFO - Starting attempt 2 of 2
[2026-06-18T08:10:28.220+0000] {taskinstance.py:2330} INFO - Executing <Task(PythonOperator): extract_weather_data> on 2026-06-17 00:00:00+00:00
[2026-06-18T08:10:28.259+0000] {standard_task_runner.py:90} INFO - Running: ['***', 'tasks', 'run', 'weather_etl_pipeline', 'extract_weather_data', 'scheduled__2026-06-17T00:00:00+00:00', '--job-id', '11', '--raw', '--subdir', 'DAGS_FOLDER/weather_etl_dag.py', '--cfg-path', '/tmp/tmpxl319fg_']
[2026-06-18T08:10:28.278+0000] {standard_task_runner.py:91} INFO - Job 11: Subtask extract_weather_data
[2026-06-18T08:10:28.288+0000] {logging_mixin.py:188} WARNING - /home/***/.local/lib/python3.12/site-packages/***/task/task_runner/standard_task_runner.py:61 DeprecationWarning: This process (pid=7411) is multi-threaded, use of fork() may lead to deadlocks in the child.
[2026-06-18T08:10:28.301+0000] {standard_task_runner.py:63} INFO - Started process 7417 to run task
[2026-06-18T08:10:28.479+0000] {task_command.py:426} INFO - Running <TaskInstance: weather_etl_pipeline.extract_weather_data scheduled__2026-06-17T00:00:00+00:00 [running]> on host b1ed001435bc
[2026-06-18T08:10:28.796+0000] {taskinstance.py:2648} INFO - Exporting env vars: AIRFLOW_CTX_DAG_OWNER='***' AIRFLOW_CTX_DAG_ID='weather_etl_pipeline' AIRFLOW_CTX_TASK_ID='extract_weather_data' AIRFLOW_CTX_EXECUTION_DATE='2026-06-17T00:00:00+00:00' AIRFLOW_CTX_TRY_NUMBER='2' AIRFLOW_CTX_DAG_RUN_ID='scheduled__2026-06-17T00:00:00+00:00'
[2026-06-18T08:10:28.808+0000] {taskinstance.py:430} INFO - ::endgroup::
[2026-06-18T08:10:31.807+0000] {logging_mixin.py:188} WARNING - 2026-06-18 08:10:31 | INFO     | jobs.etl.extraction | Starting extraction | location=Accra, Ghana | range=2026-06-11 → 2026-06-18
[2026-06-18T08:10:32.828+0000] {logging_mixin.py:188} WARNING - 2026-06-18 08:10:32 | INFO     | jobs.etl.extraction | Extraction succeeded | location=Accra | records=192
[2026-06-18T08:10:32.837+0000] {logging_mixin.py:188} WARNING - 2026-06-18 08:10:32 | INFO     | jobs.etl.extraction | Starting extraction | location=London, United Kingdom | range=2026-06-11 → 2026-06-18
[2026-06-18T08:10:33.009+0000] {logging_mixin.py:188} WARNING - 2026-06-18 08:10:33 | INFO     | jobs.etl.extraction | Extraction succeeded | location=London | records=192
[2026-06-18T08:10:33.016+0000] {logging_mixin.py:188} WARNING - 2026-06-18 08:10:33 | INFO     | jobs.etl.extraction | Starting extraction | location=New York, United States | range=2026-06-11 → 2026-06-18
[2026-06-18T08:10:33.151+0000] {logging_mixin.py:188} WARNING - 2026-06-18 08:10:33 | INFO     | jobs.etl.extraction | Extraction succeeded | location=New York | records=192
[2026-06-18T08:10:33.159+0000] {logging_mixin.py:188} WARNING - 2026-06-18 08:10:33 | INFO     | jobs.etl.extraction | Starting extraction | location=Tokyo, Japan | range=2026-06-11 → 2026-06-18
[2026-06-18T08:10:33.293+0000] {logging_mixin.py:188} WARNING - 2026-06-18 08:10:33 | INFO     | jobs.etl.extraction | Extraction succeeded | location=Tokyo | records=192
[2026-06-18T08:10:33.297+0000] {logging_mixin.py:188} WARNING - 2026-06-18 08:10:33 | INFO     | jobs.etl.extraction | Starting extraction | location=Berlin, Germany | range=2026-06-11 → 2026-06-18
[2026-06-18T08:10:33.484+0000] {logging_mixin.py:188} WARNING - 2026-06-18 08:10:33 | INFO     | jobs.etl.extraction | Extraction succeeded | location=Berlin | records=192
[2026-06-18T08:10:33.490+0000] {logging_mixin.py:188} WARNING - 2026-06-18 08:10:33 | INFO     | jobs.etl.extraction | Batch extraction complete | locations=5 | total_records=960
[2026-06-18T08:10:33.815+0000] {weather_etl_dag.py:61} INFO - Extracted 960 rows → /opt/***/data/raw/weather_raw_2026-06-17.csv
[2026-06-18T08:10:33.818+0000] {python.py:237} INFO - Done. Returned value was: /opt/***/data/raw/weather_raw_2026-06-17.csv
[2026-06-18T08:10:33.820+0000] {taskinstance.py:441} INFO - ::group::Post task execution logs
[2026-06-18T08:10:33.871+0000] {taskinstance.py:1206} INFO - Marking task as SUCCESS. dag_id=weather_etl_pipeline, task_id=extract_weather_data, run_id=scheduled__2026-06-17T00:00:00+00:00, execution_date=20260617T000000, start_date=20260618T081028, end_date=20260618T081033
[2026-06-18T08:10:33.982+0000] {local_task_job_runner.py:240} INFO - Task exited with return code 0
[2026-06-18T08:10:34.040+0000] {taskinstance.py:3503} INFO - 1 downstream tasks scheduled from follow-on schedule check
[2026-06-18T08:10:34.052+0000] {local_task_job_runner.py:222} INFO - ::endgroup::
