[2026-06-18T08:10:35.840+0000] {local_task_job_runner.py:120} INFO - ::group::Pre task execution logs
[2026-06-18T08:10:36.057+0000] {taskinstance.py:2076} INFO - Dependencies all met for dep_context=non-requeueable deps ti=<TaskInstance: weather_etl_pipeline.transform_weather_data scheduled__2026-06-17T00:00:00+00:00 [queued]>
[2026-06-18T08:10:36.114+0000] {taskinstance.py:2076} INFO - Dependencies all met for dep_context=requeueable deps ti=<TaskInstance: weather_etl_pipeline.transform_weather_data scheduled__2026-06-17T00:00:00+00:00 [queued]>
[2026-06-18T08:10:36.124+0000] {taskinstance.py:2306} INFO - Starting attempt 1 of 2
[2026-06-18T08:10:36.203+0000] {taskinstance.py:2330} INFO - Executing <Task(PythonOperator): transform_weather_data> on 2026-06-17 00:00:00+00:00
[2026-06-18T08:10:36.249+0000] {standard_task_runner.py:90} INFO - Running: ['***', 'tasks', 'run', 'weather_etl_pipeline', 'transform_weather_data', 'scheduled__2026-06-17T00:00:00+00:00', '--job-id', '12', '--raw', '--subdir', 'DAGS_FOLDER/weather_etl_dag.py', '--cfg-path', '/tmp/tmpi18pd4hc']
[2026-06-18T08:10:36.269+0000] {logging_mixin.py:188} WARNING - /home/***/.local/lib/python3.12/site-packages/***/task/task_runner/standard_task_runner.py:61 DeprecationWarning: This process (pid=7419) is multi-threaded, use of fork() may lead to deadlocks in the child.
[2026-06-18T08:10:36.265+0000] {standard_task_runner.py:91} INFO - Job 12: Subtask transform_weather_data
[2026-06-18T08:10:36.284+0000] {standard_task_runner.py:63} INFO - Started process 7420 to run task
[2026-06-18T08:10:36.543+0000] {task_command.py:426} INFO - Running <TaskInstance: weather_etl_pipeline.transform_weather_data scheduled__2026-06-17T00:00:00+00:00 [running]> on host b1ed001435bc
[2026-06-18T08:10:36.832+0000] {taskinstance.py:2648} INFO - Exporting env vars: AIRFLOW_CTX_DAG_OWNER='***' AIRFLOW_CTX_DAG_ID='weather_etl_pipeline' AIRFLOW_CTX_TASK_ID='transform_weather_data' AIRFLOW_CTX_EXECUTION_DATE='2026-06-17T00:00:00+00:00' AIRFLOW_CTX_TRY_NUMBER='1' AIRFLOW_CTX_DAG_RUN_ID='scheduled__2026-06-17T00:00:00+00:00'
[2026-06-18T08:10:36.843+0000] {taskinstance.py:430} INFO - ::endgroup::
[2026-06-18T08:10:38.669+0000] {logging_mixin.py:188} WARNING - 2026-06-18 08:10:38 | INFO     | jobs.etl.transform | Transformation started | rows=960
[2026-06-18T08:10:38.841+0000] {logging_mixin.py:188} WARNING - 2026-06-18 08:10:38 | INFO     | jobs.etl.transform | Transformation complete | rows=960
[2026-06-18T08:10:39.094+0000] {weather_etl_dag.py:83} INFO - Transformed 960 rows → /opt/***/data/processed/weather_transformed_2026-06-17.csv
[2026-06-18T08:10:39.098+0000] {python.py:237} INFO - Done. Returned value was: /opt/***/data/processed/weather_transformed_2026-06-17.csv
[2026-06-18T08:10:39.100+0000] {taskinstance.py:441} INFO - ::group::Post task execution logs
[2026-06-18T08:10:39.149+0000] {taskinstance.py:1206} INFO - Marking task as SUCCESS. dag_id=weather_etl_pipeline, task_id=transform_weather_data, run_id=scheduled__2026-06-17T00:00:00+00:00, execution_date=20260617T000000, start_date=20260618T081036, end_date=20260618T081039
[2026-06-18T08:10:39.233+0000] {local_task_job_runner.py:240} INFO - Task exited with return code 0
[2026-06-18T08:10:39.342+0000] {taskinstance.py:3503} INFO - 1 downstream tasks scheduled from follow-on schedule check
[2026-06-18T08:10:39.664+0000] {local_task_job_runner.py:222} INFO - ::endgroup::
