[2026-06-17T11:52:29.227+0000] {local_task_job_runner.py:120} INFO - ::group::Pre task execution logs
[2026-06-17T11:52:29.280+0000] {taskinstance.py:2076} INFO - Dependencies all met for dep_context=non-requeueable deps ti=<TaskInstance: weather_etl_pipeline.transform_weather_data scheduled__2026-06-16T00:00:00+00:00 [queued]>
[2026-06-17T11:52:29.294+0000] {taskinstance.py:2076} INFO - Dependencies all met for dep_context=requeueable deps ti=<TaskInstance: weather_etl_pipeline.transform_weather_data scheduled__2026-06-16T00:00:00+00:00 [queued]>
[2026-06-17T11:52:29.295+0000] {taskinstance.py:2306} INFO - Starting attempt 1 of 2
[2026-06-17T11:52:29.322+0000] {taskinstance.py:2330} INFO - Executing <Task(PythonOperator): transform_weather_data> on 2026-06-16 00:00:00+00:00
[2026-06-17T11:52:29.336+0000] {standard_task_runner.py:90} INFO - Running: ['***', 'tasks', 'run', 'weather_etl_pipeline', 'transform_weather_data', 'scheduled__2026-06-16T00:00:00+00:00', '--job-id', '5', '--raw', '--subdir', 'DAGS_FOLDER/weather_etl_dag.py', '--cfg-path', '/tmp/tmpb2ibhuhg']
[2026-06-17T11:52:29.340+0000] {standard_task_runner.py:91} INFO - Job 5: Subtask transform_weather_data
[2026-06-17T11:52:29.342+0000] {logging_mixin.py:188} WARNING - /home/***/.local/lib/python3.12/site-packages/***/task/task_runner/standard_task_runner.py:61 DeprecationWarning: This process (pid=445) is multi-threaded, use of fork() may lead to deadlocks in the child.
[2026-06-17T11:52:29.347+0000] {standard_task_runner.py:63} INFO - Started process 448 to run task
[2026-06-17T11:52:29.449+0000] {task_command.py:426} INFO - Running <TaskInstance: weather_etl_pipeline.transform_weather_data scheduled__2026-06-16T00:00:00+00:00 [running]> on host b1ed001435bc
[2026-06-17T11:52:29.589+0000] {taskinstance.py:2648} INFO - Exporting env vars: AIRFLOW_CTX_DAG_OWNER='***' AIRFLOW_CTX_DAG_ID='weather_etl_pipeline' AIRFLOW_CTX_TASK_ID='transform_weather_data' AIRFLOW_CTX_EXECUTION_DATE='2026-06-16T00:00:00+00:00' AIRFLOW_CTX_TRY_NUMBER='1' AIRFLOW_CTX_DAG_RUN_ID='scheduled__2026-06-16T00:00:00+00:00'
[2026-06-17T11:52:29.592+0000] {taskinstance.py:430} INFO - ::endgroup::
[2026-06-17T11:52:30.606+0000] {logging_mixin.py:188} WARNING - 2026-06-17 11:52:30 | INFO     | jobs.etl.transform | Transformation started | rows=960
[2026-06-17T11:52:30.724+0000] {logging_mixin.py:188} WARNING - 2026-06-17 11:52:30 | INFO     | jobs.etl.transform | Transformation complete | rows=960
[2026-06-17T11:52:30.795+0000] {weather_etl_dag.py:83} INFO - Transformed 960 rows → /opt/***/data/processed/weather_transformed_2026-06-16.csv
[2026-06-17T11:52:30.797+0000] {python.py:237} INFO - Done. Returned value was: /opt/***/data/processed/weather_transformed_2026-06-16.csv
[2026-06-17T11:52:30.799+0000] {taskinstance.py:441} INFO - ::group::Post task execution logs
[2026-06-17T11:52:30.870+0000] {taskinstance.py:1206} INFO - Marking task as SUCCESS. dag_id=weather_etl_pipeline, task_id=transform_weather_data, run_id=scheduled__2026-06-16T00:00:00+00:00, execution_date=20260616T000000, start_date=20260617T115229, end_date=20260617T115230
[2026-06-17T11:52:30.936+0000] {local_task_job_runner.py:240} INFO - Task exited with return code 0
[2026-06-17T11:52:30.974+0000] {taskinstance.py:3503} INFO - 1 downstream tasks scheduled from follow-on schedule check
[2026-06-17T11:52:30.977+0000] {local_task_job_runner.py:222} INFO - ::endgroup::
