[2026-06-17T11:52:25.922+0000] {local_task_job_runner.py:120} INFO - ::group::Pre task execution logs
[2026-06-17T11:52:25.978+0000] {taskinstance.py:2076} INFO - Dependencies all met for dep_context=non-requeueable deps ti=<TaskInstance: weather_etl_pipeline.extract_weather_data scheduled__2026-06-16T00:00:00+00:00 [queued]>
[2026-06-17T11:52:25.993+0000] {taskinstance.py:2076} INFO - Dependencies all met for dep_context=requeueable deps ti=<TaskInstance: weather_etl_pipeline.extract_weather_data scheduled__2026-06-16T00:00:00+00:00 [queued]>
[2026-06-17T11:52:25.996+0000] {taskinstance.py:2306} INFO - Starting attempt 1 of 2
[2026-06-17T11:52:26.017+0000] {taskinstance.py:2330} INFO - Executing <Task(PythonOperator): extract_weather_data> on 2026-06-16 00:00:00+00:00
[2026-06-17T11:52:26.032+0000] {standard_task_runner.py:90} INFO - Running: ['***', 'tasks', 'run', 'weather_etl_pipeline', 'extract_weather_data', 'scheduled__2026-06-16T00:00:00+00:00', '--job-id', '3', '--raw', '--subdir', 'DAGS_FOLDER/weather_etl_dag.py', '--cfg-path', '/tmp/tmpk_whbba9']
[2026-06-17T11:52:26.037+0000] {standard_task_runner.py:91} INFO - Job 3: Subtask extract_weather_data
[2026-06-17T11:52:26.043+0000] {logging_mixin.py:188} WARNING - /home/***/.local/lib/python3.12/site-packages/***/task/task_runner/standard_task_runner.py:61 DeprecationWarning: This process (pid=434) is multi-threaded, use of fork() may lead to deadlocks in the child.
[2026-06-17T11:52:26.047+0000] {standard_task_runner.py:63} INFO - Started process 436 to run task
[2026-06-17T11:52:26.150+0000] {task_command.py:426} INFO - Running <TaskInstance: weather_etl_pipeline.extract_weather_data scheduled__2026-06-16T00:00:00+00:00 [running]> on host b1ed001435bc
[2026-06-17T11:52:26.332+0000] {taskinstance.py:2648} INFO - Exporting env vars: AIRFLOW_CTX_DAG_OWNER='***' AIRFLOW_CTX_DAG_ID='weather_etl_pipeline' AIRFLOW_CTX_TASK_ID='extract_weather_data' AIRFLOW_CTX_EXECUTION_DATE='2026-06-16T00:00:00+00:00' AIRFLOW_CTX_TRY_NUMBER='1' AIRFLOW_CTX_DAG_RUN_ID='scheduled__2026-06-16T00:00:00+00:00'
[2026-06-17T11:52:26.336+0000] {taskinstance.py:430} INFO - ::endgroup::
[2026-06-17T11:52:27.373+0000] {logging_mixin.py:188} WARNING - 2026-06-17 11:52:27 | INFO     | jobs.etl.extraction | Starting extraction | location=Accra, Ghana | range=2026-06-10 → 2026-06-17
[2026-06-17T11:52:27.989+0000] {logging_mixin.py:188} WARNING - 2026-06-17 11:52:27 | INFO     | jobs.etl.extraction | Extraction succeeded | location=Accra | records=192
[2026-06-17T11:52:27.994+0000] {logging_mixin.py:188} WARNING - 2026-06-17 11:52:27 | INFO     | jobs.etl.extraction | Starting extraction | location=London, United Kingdom | range=2026-06-10 → 2026-06-17
[2026-06-17T11:52:28.162+0000] {logging_mixin.py:188} WARNING - 2026-06-17 11:52:28 | INFO     | jobs.etl.extraction | Extraction succeeded | location=London | records=192
[2026-06-17T11:52:28.165+0000] {logging_mixin.py:188} WARNING - 2026-06-17 11:52:28 | INFO     | jobs.etl.extraction | Starting extraction | location=New York, United States | range=2026-06-10 → 2026-06-17
[2026-06-17T11:52:28.318+0000] {logging_mixin.py:188} WARNING - 2026-06-17 11:52:28 | INFO     | jobs.etl.extraction | Extraction succeeded | location=New York | records=192
[2026-06-17T11:52:28.322+0000] {logging_mixin.py:188} WARNING - 2026-06-17 11:52:28 | INFO     | jobs.etl.extraction | Starting extraction | location=Tokyo, Japan | range=2026-06-10 → 2026-06-17
[2026-06-17T11:52:28.482+0000] {logging_mixin.py:188} WARNING - 2026-06-17 11:52:28 | INFO     | jobs.etl.extraction | Extraction succeeded | location=Tokyo | records=192
[2026-06-17T11:52:28.485+0000] {logging_mixin.py:188} WARNING - 2026-06-17 11:52:28 | INFO     | jobs.etl.extraction | Starting extraction | location=Berlin, Germany | range=2026-06-10 → 2026-06-17
[2026-06-17T11:52:28.672+0000] {logging_mixin.py:188} WARNING - 2026-06-17 11:52:28 | INFO     | jobs.etl.extraction | Extraction succeeded | location=Berlin | records=192
[2026-06-17T11:52:28.675+0000] {logging_mixin.py:188} WARNING - 2026-06-17 11:52:28 | INFO     | jobs.etl.extraction | Batch extraction complete | locations=5 | total_records=960
[2026-06-17T11:52:28.750+0000] {weather_etl_dag.py:61} INFO - Extracted 960 rows → /opt/***/data/raw/weather_raw_2026-06-16.csv
[2026-06-17T11:52:28.751+0000] {python.py:237} INFO - Done. Returned value was: /opt/***/data/raw/weather_raw_2026-06-16.csv
[2026-06-17T11:52:28.753+0000] {taskinstance.py:441} INFO - ::group::Post task execution logs
[2026-06-17T11:52:28.780+0000] {taskinstance.py:1206} INFO - Marking task as SUCCESS. dag_id=weather_etl_pipeline, task_id=extract_weather_data, run_id=scheduled__2026-06-16T00:00:00+00:00, execution_date=20260616T000000, start_date=20260617T115225, end_date=20260617T115228
[2026-06-17T11:52:28.833+0000] {local_task_job_runner.py:240} INFO - Task exited with return code 0
[2026-06-17T11:52:28.863+0000] {taskinstance.py:3503} INFO - 1 downstream tasks scheduled from follow-on schedule check
[2026-06-17T11:52:28.867+0000] {local_task_job_runner.py:222} INFO - ::endgroup::
